// Jest Snapshot v1, https://goo.gl/fbAQLP

exports[`MenuItem Should render component correctly. 1`] = `
<div
  class=" px-4  py-3  font-semibold  transition hover:bg-neutral-100 "
>
  Airbnb
</div>
`;
